MPLINK 5.09, LINKER
Linker Map File - Created Thu Jun 25 19:55:52 2020

                                 Section Info
                  Section       Type    Address   Location Size(Bytes)
                ---------  ---------  ---------  ---------  ---------
                   .org_0       code   0x000000    program   0x000004
                   .cinit    romdata   0x000004    program   0x000002
                   .org_1       code   0x000008    program   0x0003aa
.config_300001_BUILD/DEFAULT/PRODUCTION/FINAL_C    romdata   0x300001    program   0x000001
.config_300003_BUILD/DEFAULT/PRODUCTION/FINAL_C    romdata   0x300003    program   0x000001
.config_300006_BUILD/DEFAULT/PRODUCTION/FINAL_C    romdata   0x300006    program   0x000001



                              Program Memory Usage 
                               Start         End      
                           ---------   ---------      
                            0x000000    0x000005      
                            0x000008    0x0003b1      
                            0x300001    0x300001      
                            0x300003    0x300003      
                            0x300006    0x300006      
            947 out of 33048 program addresses used, program memory utilization is 2%



                              Symbols - Sorted by Name
                     Name    Address   Location    Storage File                     
                ---------  ---------  ---------  --------- ---------                
        ADC_Change_Sensor   0x000128    program     static D:\University\Electrical Year 3\Semester 1\EMK 310\Practicals\Individual Practical\RespiratorySensor.X\Final_Code.asm
            Abnormal_High   0x000320    program     static D:\University\Electrical Year 3\Semester 1\EMK 310\Practicals\Individual Practical\RespiratorySensor.X\Final_Code.asm
             Abnormal_Low   0x000312    program     static D:\University\Electrical Year 3\Semester 1\EMK 310\Practicals\Individual Practical\RespiratorySensor.X\Final_Code.asm
            Breathe_Eight   0x0000b0    program     static D:\University\Electrical Year 3\Semester 1\EMK 310\Practicals\Individual Practical\RespiratorySensor.X\Final_Code.asm
         Capacitive_Touch   0x0000f2    program     static D:\University\Electrical Year 3\Semester 1\EMK 310\Practicals\Individual Practical\RespiratorySensor.X\Final_Code.asm
Capacitive_Touch_Poll_Start   0x000112    program     static D:\University\Electrical Year 3\Semester 1\EMK 310\Practicals\Individual Practical\RespiratorySensor.X\Final_Code.asm
Capacitive_Touch_Poll_Stop   0x0001a6    program     static D:\University\Electrical Year 3\Semester 1\EMK 310\Practicals\Individual Practical\RespiratorySensor.X\Final_Code.asm
    Capacitive_Touch_Stop   0x000186    program     static D:\University\Electrical Year 3\Semester 1\EMK 310\Practicals\Individual Practical\RespiratorySensor.X\Final_Code.asm
             Change_State   0x00014a    program     static D:\University\Electrical Year 3\Semester 1\EMK 310\Practicals\Individual Practical\RespiratorySensor.X\Final_Code.asm
          Check_Breathing   0x00013e    program     static D:\University\Electrical Year 3\Semester 1\EMK 310\Practicals\Individual Practical\RespiratorySensor.X\Final_Code.asm
             Check_Eighth   0x000260    program     static D:\University\Electrical Year 3\Semester 1\EMK 310\Practicals\Individual Practical\RespiratorySensor.X\Final_Code.asm
              Check_Fifth   0x00021e    program     static D:\University\Electrical Year 3\Semester 1\EMK 310\Practicals\Individual Practical\RespiratorySensor.X\Final_Code.asm
              Check_First   0x0001c6    program     static D:\University\Electrical Year 3\Semester 1\EMK 310\Practicals\Individual Practical\RespiratorySensor.X\Final_Code.asm
             Check_Fourth   0x000208    program     static D:\University\Electrical Year 3\Semester 1\EMK 310\Practicals\Individual Practical\RespiratorySensor.X\Final_Code.asm
             Check_Second   0x0001dc    program     static D:\University\Electrical Year 3\Semester 1\EMK 310\Practicals\Individual Practical\RespiratorySensor.X\Final_Code.asm
            Check_Seventh   0x00024a    program     static D:\University\Electrical Year 3\Semester 1\EMK 310\Practicals\Individual Practical\RespiratorySensor.X\Final_Code.asm
              Check_Sixth   0x000234    program     static D:\University\Electrical Year 3\Semester 1\EMK 310\Practicals\Individual Practical\RespiratorySensor.X\Final_Code.asm
              Check_Third   0x0001f2    program     static D:\University\Electrical Year 3\Semester 1\EMK 310\Practicals\Individual Practical\RespiratorySensor.X\Final_Code.asm
              Clear_Timer   0x0000e8    program     static D:\University\Electrical Year 3\Semester 1\EMK 310\Practicals\Individual Practical\RespiratorySensor.X\Final_Code.asm
            Compute_Table   0x000274    program     static D:\University\Electrical Year 3\Semester 1\EMK 310\Practicals\Individual Practical\RespiratorySensor.X\Final_Code.asm
     Conversion_Test_STOP   0x0001b0    program     static D:\University\Electrical Year 3\Semester 1\EMK 310\Practicals\Individual Practical\RespiratorySensor.X\Final_Code.asm
                  Display   0x0002d6    program     static D:\University\Electrical Year 3\Semester 1\EMK 310\Practicals\Individual Practical\RespiratorySensor.X\Final_Code.asm
            Eighth_Breath   0x00026a    program     static D:\University\Electrical Year 3\Semester 1\EMK 310\Practicals\Individual Practical\RespiratorySensor.X\Final_Code.asm
               Exercising   0x000302    program     static D:\University\Electrical Year 3\Semester 1\EMK 310\Practicals\Individual Practical\RespiratorySensor.X\Final_Code.asm
                   Exhale   0x000172    program     static D:\University\Electrical Year 3\Semester 1\EMK 310\Practicals\Individual Practical\RespiratorySensor.X\Final_Code.asm
             Fifth_Breath   0x00022a    program     static D:\University\Electrical Year 3\Semester 1\EMK 310\Practicals\Individual Practical\RespiratorySensor.X\Final_Code.asm
             First_Breath   0x0001d2    program     static D:\University\Electrical Year 3\Semester 1\EMK 310\Practicals\Individual Practical\RespiratorySensor.X\Final_Code.asm
            Fourth_Breath   0x000214    program     static D:\University\Electrical Year 3\Semester 1\EMK 310\Practicals\Individual Practical\RespiratorySensor.X\Final_Code.asm
              High_Normal   0x0002f2    program     static D:\University\Electrical Year 3\Semester 1\EMK 310\Practicals\Individual Practical\RespiratorySensor.X\Final_Code.asm
                     INIT   0x00000c    program     static D:\University\Electrical Year 3\Semester 1\EMK 310\Practicals\Individual Practical\RespiratorySensor.X\Final_Code.asm
                      ISR   0x000344    program     static D:\University\Electrical Year 3\Semester 1\EMK 310\Practicals\Individual Practical\RespiratorySensor.X\Final_Code.asm
                   Inhale   0x00017c    program     static D:\University\Electrical Year 3\Semester 1\EMK 310\Practicals\Individual Practical\RespiratorySensor.X\Final_Code.asm
                LED_Delay   0x000394    program     static D:\University\Electrical Year 3\Semester 1\EMK 310\Practicals\Individual Practical\RespiratorySensor.X\Final_Code.asm
              LED_Display   0x000344    program     static D:\University\Electrical Year 3\Semester 1\EMK 310\Practicals\Individual Practical\RespiratorySensor.X\Final_Code.asm
                 LED_Test   0x000354    program     static D:\University\Electrical Year 3\Semester 1\EMK 310\Practicals\Individual Practical\RespiratorySensor.X\Final_Code.asm
                     Loop   0x000398    program     static D:\University\Electrical Year 3\Semester 1\EMK 310\Practicals\Individual Practical\RespiratorySensor.X\Final_Code.asm
                    Loop2   0x00039c    program     static D:\University\Electrical Year 3\Semester 1\EMK 310\Practicals\Individual Practical\RespiratorySensor.X\Final_Code.asm
                    Loop3   0x0003a0    program     static D:\University\Electrical Year 3\Semester 1\EMK 310\Practicals\Individual Practical\RespiratorySensor.X\Final_Code.asm
               Low_Normal   0x0002e2    program     static D:\University\Electrical Year 3\Semester 1\EMK 310\Practicals\Individual Practical\RespiratorySensor.X\Final_Code.asm
                     Main   0x0000a0    program     static D:\University\Electrical Year 3\Semester 1\EMK 310\Practicals\Individual Practical\RespiratorySensor.X\Final_Code.asm
                      Off   0x00036e    program     static D:\University\Electrical Year 3\Semester 1\EMK 310\Practicals\Individual Practical\RespiratorySensor.X\Final_Code.asm
        Poll_IN_OUT_Check   0x000152    program     static D:\University\Electrical Year 3\Semester 1\EMK 310\Practicals\Individual Practical\RespiratorySensor.X\Final_Code.asm
       Respiratory_Sensor   0x0001bc    program     static D:\University\Electrical Year 3\Semester 1\EMK 310\Practicals\Individual Practical\RespiratorySensor.X\Final_Code.asm
    Return_From_Interrupt   0x00038e    program     static D:\University\Electrical Year 3\Semester 1\EMK 310\Practicals\Individual Practical\RespiratorySensor.X\Final_Code.asm
                   S_Loop   0x00032c    program     static D:\University\Electrical Year 3\Semester 1\EMK 310\Practicals\Individual Practical\RespiratorySensor.X\Final_Code.asm
                  S_Loop2   0x000330    program     static D:\University\Electrical Year 3\Semester 1\EMK 310\Practicals\Individual Practical\RespiratorySensor.X\Final_Code.asm
                  S_Loop3   0x000334    program     static D:\University\Electrical Year 3\Semester 1\EMK 310\Practicals\Individual Practical\RespiratorySensor.X\Final_Code.asm
            Second_Breath   0x0001e8    program     static D:\University\Electrical Year 3\Semester 1\EMK 310\Practicals\Individual Practical\RespiratorySensor.X\Final_Code.asm
           Seventh_Breath   0x000256    program     static D:\University\Electrical Year 3\Semester 1\EMK 310\Practicals\Individual Practical\RespiratorySensor.X\Final_Code.asm
              Short_Delay   0x000328    program     static D:\University\Electrical Year 3\Semester 1\EMK 310\Practicals\Individual Practical\RespiratorySensor.X\Final_Code.asm
             Sixth_Breath   0x000240    program     static D:\University\Electrical Year 3\Semester 1\EMK 310\Practicals\Individual Practical\RespiratorySensor.X\Final_Code.asm
         Start_Conversion   0x00011c    program     static D:\University\Electrical Year 3\Semester 1\EMK 310\Practicals\Individual Practical\RespiratorySensor.X\Final_Code.asm
 Start_Conversion_Sensing   0x000158    program     static D:\University\Electrical Year 3\Semester 1\EMK 310\Practicals\Individual Practical\RespiratorySensor.X\Final_Code.asm
           Starting_State   0x00006a    program     static D:\University\Electrical Year 3\Semester 1\EMK 310\Practicals\Individual Practical\RespiratorySensor.X\Final_Code.asm
             Third_Breath   0x0001fe    program     static D:\University\Electrical Year 3\Semester 1\EMK 310\Practicals\Individual Practical\RespiratorySensor.X\Final_Code.asm
                    Timer   0x000388    program     static D:\University\Electrical Year 3\Semester 1\EMK 310\Practicals\Individual Practical\RespiratorySensor.X\Final_Code.asm
          Timer_interrupt   0x00034a    program     static D:\University\Electrical Year 3\Semester 1\EMK 310\Practicals\Individual Practical\RespiratorySensor.X\Final_Code.asm
              Wait_For_EQ   0x000168    program     static D:\University\Electrical Year 3\Semester 1\EMK 310\Practicals\Individual Practical\RespiratorySensor.X\Final_Code.asm
             _.org_1_011A   0x00011a    program     static D:\University\Electrical Year 3\Semester 1\EMK 310\Practicals\Individual Practical\RespiratorySensor.X\Final_Code.asm
             _.org_1_0156   0x000156    program     static D:\University\Electrical Year 3\Semester 1\EMK 310\Practicals\Individual Practical\RespiratorySensor.X\Final_Code.asm
             _.org_1_01AE   0x0001ae    program     static D:\University\Electrical Year 3\Semester 1\EMK 310\Practicals\Individual Practical\RespiratorySensor.X\Final_Code.asm



                              Symbols - Sorted by Address
                     Name    Address   Location    Storage File                     
                ---------  ---------  ---------  --------- ---------                
                     INIT   0x00000c    program     static D:\University\Electrical Year 3\Semester 1\EMK 310\Practicals\Individual Practical\RespiratorySensor.X\Final_Code.asm
           Starting_State   0x00006a    program     static D:\University\Electrical Year 3\Semester 1\EMK 310\Practicals\Individual Practical\RespiratorySensor.X\Final_Code.asm
                     Main   0x0000a0    program     static D:\University\Electrical Year 3\Semester 1\EMK 310\Practicals\Individual Practical\RespiratorySensor.X\Final_Code.asm
            Breathe_Eight   0x0000b0    program     static D:\University\Electrical Year 3\Semester 1\EMK 310\Practicals\Individual Practical\RespiratorySensor.X\Final_Code.asm
              Clear_Timer   0x0000e8    program     static D:\University\Electrical Year 3\Semester 1\EMK 310\Practicals\Individual Practical\RespiratorySensor.X\Final_Code.asm
         Capacitive_Touch   0x0000f2    program     static D:\University\Electrical Year 3\Semester 1\EMK 310\Practicals\Individual Practical\RespiratorySensor.X\Final_Code.asm
Capacitive_Touch_Poll_Start   0x000112    program     static D:\University\Electrical Year 3\Semester 1\EMK 310\Practicals\Individual Practical\RespiratorySensor.X\Final_Code.asm
             _.org_1_011A   0x00011a    program     static D:\University\Electrical Year 3\Semester 1\EMK 310\Practicals\Individual Practical\RespiratorySensor.X\Final_Code.asm
         Start_Conversion   0x00011c    program     static D:\University\Electrical Year 3\Semester 1\EMK 310\Practicals\Individual Practical\RespiratorySensor.X\Final_Code.asm
        ADC_Change_Sensor   0x000128    program     static D:\University\Electrical Year 3\Semester 1\EMK 310\Practicals\Individual Practical\RespiratorySensor.X\Final_Code.asm
          Check_Breathing   0x00013e    program     static D:\University\Electrical Year 3\Semester 1\EMK 310\Practicals\Individual Practical\RespiratorySensor.X\Final_Code.asm
             Change_State   0x00014a    program     static D:\University\Electrical Year 3\Semester 1\EMK 310\Practicals\Individual Practical\RespiratorySensor.X\Final_Code.asm
        Poll_IN_OUT_Check   0x000152    program     static D:\University\Electrical Year 3\Semester 1\EMK 310\Practicals\Individual Practical\RespiratorySensor.X\Final_Code.asm
             _.org_1_0156   0x000156    program     static D:\University\Electrical Year 3\Semester 1\EMK 310\Practicals\Individual Practical\RespiratorySensor.X\Final_Code.asm
 Start_Conversion_Sensing   0x000158    program     static D:\University\Electrical Year 3\Semester 1\EMK 310\Practicals\Individual Practical\RespiratorySensor.X\Final_Code.asm
              Wait_For_EQ   0x000168    program     static D:\University\Electrical Year 3\Semester 1\EMK 310\Practicals\Individual Practical\RespiratorySensor.X\Final_Code.asm
                   Exhale   0x000172    program     static D:\University\Electrical Year 3\Semester 1\EMK 310\Practicals\Individual Practical\RespiratorySensor.X\Final_Code.asm
                   Inhale   0x00017c    program     static D:\University\Electrical Year 3\Semester 1\EMK 310\Practicals\Individual Practical\RespiratorySensor.X\Final_Code.asm
    Capacitive_Touch_Stop   0x000186    program     static D:\University\Electrical Year 3\Semester 1\EMK 310\Practicals\Individual Practical\RespiratorySensor.X\Final_Code.asm
Capacitive_Touch_Poll_Stop   0x0001a6    program     static D:\University\Electrical Year 3\Semester 1\EMK 310\Practicals\Individual Practical\RespiratorySensor.X\Final_Code.asm
             _.org_1_01AE   0x0001ae    program     static D:\University\Electrical Year 3\Semester 1\EMK 310\Practicals\Individual Practical\RespiratorySensor.X\Final_Code.asm
     Conversion_Test_STOP   0x0001b0    program     static D:\University\Electrical Year 3\Semester 1\EMK 310\Practicals\Individual Practical\RespiratorySensor.X\Final_Code.asm
       Respiratory_Sensor   0x0001bc    program     static D:\University\Electrical Year 3\Semester 1\EMK 310\Practicals\Individual Practical\RespiratorySensor.X\Final_Code.asm
              Check_First   0x0001c6    program     static D:\University\Electrical Year 3\Semester 1\EMK 310\Practicals\Individual Practical\RespiratorySensor.X\Final_Code.asm
             First_Breath   0x0001d2    program     static D:\University\Electrical Year 3\Semester 1\EMK 310\Practicals\Individual Practical\RespiratorySensor.X\Final_Code.asm
             Check_Second   0x0001dc    program     static D:\University\Electrical Year 3\Semester 1\EMK 310\Practicals\Individual Practical\RespiratorySensor.X\Final_Code.asm
            Second_Breath   0x0001e8    program     static D:\University\Electrical Year 3\Semester 1\EMK 310\Practicals\Individual Practical\RespiratorySensor.X\Final_Code.asm
              Check_Third   0x0001f2    program     static D:\University\Electrical Year 3\Semester 1\EMK 310\Practicals\Individual Practical\RespiratorySensor.X\Final_Code.asm
             Third_Breath   0x0001fe    program     static D:\University\Electrical Year 3\Semester 1\EMK 310\Practicals\Individual Practical\RespiratorySensor.X\Final_Code.asm
             Check_Fourth   0x000208    program     static D:\University\Electrical Year 3\Semester 1\EMK 310\Practicals\Individual Practical\RespiratorySensor.X\Final_Code.asm
            Fourth_Breath   0x000214    program     static D:\University\Electrical Year 3\Semester 1\EMK 310\Practicals\Individual Practical\RespiratorySensor.X\Final_Code.asm
              Check_Fifth   0x00021e    program     static D:\University\Electrical Year 3\Semester 1\EMK 310\Practicals\Individual Practical\RespiratorySensor.X\Final_Code.asm
             Fifth_Breath   0x00022a    program     static D:\University\Electrical Year 3\Semester 1\EMK 310\Practicals\Individual Practical\RespiratorySensor.X\Final_Code.asm
              Check_Sixth   0x000234    program     static D:\University\Electrical Year 3\Semester 1\EMK 310\Practicals\Individual Practical\RespiratorySensor.X\Final_Code.asm
             Sixth_Breath   0x000240    program     static D:\University\Electrical Year 3\Semester 1\EMK 310\Practicals\Individual Practical\RespiratorySensor.X\Final_Code.asm
            Check_Seventh   0x00024a    program     static D:\University\Electrical Year 3\Semester 1\EMK 310\Practicals\Individual Practical\RespiratorySensor.X\Final_Code.asm
           Seventh_Breath   0x000256    program     static D:\University\Electrical Year 3\Semester 1\EMK 310\Practicals\Individual Practical\RespiratorySensor.X\Final_Code.asm
             Check_Eighth   0x000260    program     static D:\University\Electrical Year 3\Semester 1\EMK 310\Practicals\Individual Practical\RespiratorySensor.X\Final_Code.asm
            Eighth_Breath   0x00026a    program     static D:\University\Electrical Year 3\Semester 1\EMK 310\Practicals\Individual Practical\RespiratorySensor.X\Final_Code.asm
            Compute_Table   0x000274    program     static D:\University\Electrical Year 3\Semester 1\EMK 310\Practicals\Individual Practical\RespiratorySensor.X\Final_Code.asm
                  Display   0x0002d6    program     static D:\University\Electrical Year 3\Semester 1\EMK 310\Practicals\Individual Practical\RespiratorySensor.X\Final_Code.asm
               Low_Normal   0x0002e2    program     static D:\University\Electrical Year 3\Semester 1\EMK 310\Practicals\Individual Practical\RespiratorySensor.X\Final_Code.asm
              High_Normal   0x0002f2    program     static D:\University\Electrical Year 3\Semester 1\EMK 310\Practicals\Individual Practical\RespiratorySensor.X\Final_Code.asm
               Exercising   0x000302    program     static D:\University\Electrical Year 3\Semester 1\EMK 310\Practicals\Individual Practical\RespiratorySensor.X\Final_Code.asm
             Abnormal_Low   0x000312    program     static D:\University\Electrical Year 3\Semester 1\EMK 310\Practicals\Individual Practical\RespiratorySensor.X\Final_Code.asm
            Abnormal_High   0x000320    program     static D:\University\Electrical Year 3\Semester 1\EMK 310\Practicals\Individual Practical\RespiratorySensor.X\Final_Code.asm
              Short_Delay   0x000328    program     static D:\University\Electrical Year 3\Semester 1\EMK 310\Practicals\Individual Practical\RespiratorySensor.X\Final_Code.asm
                   S_Loop   0x00032c    program     static D:\University\Electrical Year 3\Semester 1\EMK 310\Practicals\Individual Practical\RespiratorySensor.X\Final_Code.asm
                  S_Loop2   0x000330    program     static D:\University\Electrical Year 3\Semester 1\EMK 310\Practicals\Individual Practical\RespiratorySensor.X\Final_Code.asm
                  S_Loop3   0x000334    program     static D:\University\Electrical Year 3\Semester 1\EMK 310\Practicals\Individual Practical\RespiratorySensor.X\Final_Code.asm
              LED_Display   0x000344    program     static D:\University\Electrical Year 3\Semester 1\EMK 310\Practicals\Individual Practical\RespiratorySensor.X\Final_Code.asm
                      ISR   0x000344    program     static D:\University\Electrical Year 3\Semester 1\EMK 310\Practicals\Individual Practical\RespiratorySensor.X\Final_Code.asm
          Timer_interrupt   0x00034a    program     static D:\University\Electrical Year 3\Semester 1\EMK 310\Practicals\Individual Practical\RespiratorySensor.X\Final_Code.asm
                 LED_Test   0x000354    program     static D:\University\Electrical Year 3\Semester 1\EMK 310\Practicals\Individual Practical\RespiratorySensor.X\Final_Code.asm
                      Off   0x00036e    program     static D:\University\Electrical Year 3\Semester 1\EMK 310\Practicals\Individual Practical\RespiratorySensor.X\Final_Code.asm
                    Timer   0x000388    program     static D:\University\Electrical Year 3\Semester 1\EMK 310\Practicals\Individual Practical\RespiratorySensor.X\Final_Code.asm
    Return_From_Interrupt   0x00038e    program     static D:\University\Electrical Year 3\Semester 1\EMK 310\Practicals\Individual Practical\RespiratorySensor.X\Final_Code.asm
                LED_Delay   0x000394    program     static D:\University\Electrical Year 3\Semester 1\EMK 310\Practicals\Individual Practical\RespiratorySensor.X\Final_Code.asm
                     Loop   0x000398    program     static D:\University\Electrical Year 3\Semester 1\EMK 310\Practicals\Individual Practical\RespiratorySensor.X\Final_Code.asm
                    Loop2   0x00039c    program     static D:\University\Electrical Year 3\Semester 1\EMK 310\Practicals\Individual Practical\RespiratorySensor.X\Final_Code.asm
                    Loop3   0x0003a0    program     static D:\University\Electrical Year 3\Semester 1\EMK 310\Practicals\Individual Practical\RespiratorySensor.X\Final_Code.asm


